10/15/2021 05:40:41 PM - DEBUG - Network Monitor Started
10/15/2021 05:40:52 PM - DEBUG - Download: 276.33 Mbit/s
10/15/2021 05:41:02 PM - DEBUG - Upload: 41.78 Mbit/s
10/15/2021 05:49:20 PM - DEBUG - Network Monitor Started. Interval set to 1.0
10/15/2021 05:49:31 PM - DEBUG - Download: 263.68 Mbit/s
10/15/2021 05:49:42 PM - DEBUG - Upload: 41.85 Mbit/s
10/15/2021 05:50:53 PM - DEBUG - Download: 231.49 Mbit/s
10/15/2021 05:51:03 PM - DEBUG - Upload: 41.14 Mbit/s
10/15/2021 05:52:14 PM - DEBUG - Download: 312.62 Mbit/s
10/15/2021 05:52:24 PM - DEBUG - Upload: 41.34 Mbit/s
10/15/2021 07:16:33 PM - DEBUG - Network Monitor Started. Interval set to 1.0
10/15/2021 07:16:44 PM - DEBUG - Download: 235.9 Mbit/s
10/15/2021 07:16:54 PM - DEBUG - Upload: 41.42 Mbit/s
10/15/2021 07:18:06 PM - DEBUG - Download: 133.78 Mbit/s
10/15/2021 07:18:16 PM - DEBUG - Upload: 34.06 Mbit/s
10/15/2021 07:19:29 PM - DEBUG - Download: 233.9 Mbit/s
10/15/2021 07:19:39 PM - DEBUG - Upload: 41.86 Mbit/s
